// Jest Snapshot v1, https://goo.gl/fbAQLP

exports[`components App should render self 1`] = `
<div>
  <ul
    className="event-list"
  >
    <li>
      item1
    </li>
    <li>
      item2
    </li>
  </ul>
  <Connect(TypeIO) />
  <div>
    <button
      id="buttonAdd"
      onClick={[Function]}
    >
      Add
    </button>
  </div>
  <div>
    <button
      id="buttonSave"
      onClick={[Function]}
    >
      Save
    </button>
  </div>
</div>
`;
